2026-08-02T18:39:14Z BEGIN dogfood-ticket -> 96fc29d (clean)
2026-08-02T18:39:18Z VERIFY-PASS dogfood-ticket @ 96fc29d
2026-08-03T05:41:42Z BEGIN gate-fix -> 2217fe0 (clean)
2026-08-03T05:42:34Z VERIFY-PASS gate-fix @ 2217fe0
2026-08-03T06:48:33Z BEGIN failure-register -> dee9860 (restored by journal-repair)
2026-08-03T06:51:46Z BEGIN failure-register-2 -> bad99a5 (restored by journal-repair)
2026-08-03T06:53:00Z STATUS journal-repair: checkpoint.sh rollback wiped uncommitted BEGIN lines (commit-before-journal ordering); pairings restored, script fixed
2026-08-03T06:48:34Z VERIFY-FAIL failure-register @ dee9860 -> ROLLBACK to dee9860
2026-08-03T06:51:47Z VERIFY-FAIL failure-register-2 @ bad99a5 -> ROLLBACK to bad99a5
2026-08-03T06:53:52Z BEGIN journal-repair -> 606c190
2026-08-03T06:54:39Z VERIFY-PASS journal-repair @ 606c190
2026-08-03T06:54:46Z BEGIN failure-register -> c77346a
2026-08-03T06:56:10Z VERIFY-PASS failure-register @ c77346a
2026-08-03T08:18:15Z BEGIN t9-rerun -> f7bd630 (clean)
2026-08-03T08:23:07Z VERIFY-PASS t9-rerun @ f7bd630
2026-08-03T08:26:36Z BEGIN t-mismatch -> bf51f15 (clean)
2026-08-03T08:30:53Z VERIFY-PASS t-mismatch @ bf51f15
2026-08-03T08:33:29Z BEGIN edit-eq-write -> 4b10819 (clean)
2026-08-03T08:37:23Z VERIFY-PASS edit-eq-write @ 4b10819
2026-08-03T08:46:43Z BEGIN gate-mismatch -> b85cc0e (clean)
2026-08-03T08:56:50Z VERIFY-PASS gate-mismatch @ b85cc0e
